[   00000000] Initialiiiggcgoop uusy  puse
[    0.000000] Initializing cgroup subsys cpu
[    0.000000] Initializing cgroup subsys cpuacct
[    0.000000] Linux version 4.4.0-47-generic (buildd@lcy01-03) (gcc version 5.4.0 20160609 (Ubuntu 5.4.0-6ubuntu1~16.04.2) ) #68-Ubuntu SMP Wed Oct 26 19:39:52 UTC 2016 (Ubuntu 4.4.0-47.68-generic 4.4.24)
[    0.000000] Command line: BOOT_IMAGE=/boot/vmlinuz-4.4.0-47-generic root=LABEL=cloudimg-rootfs ro console=tty1 console=ttyS0
[    0.000000] KERNEL supported cpus:
[    0.000000]   Intel GenuineIntel
[    0.000000]   AMD AuthenticAMD
[    0.000000]   Centaur CentaurHauls
[    0.000000] x86/pp: xsate_ffse[2]: 576 xstte_szes[]:  56
[    0.00000] 88/fuu Spportig XSVV  eatue 0x11: 'x7 floatigg piint eeiistrr'
[    0.000000] x86/fpu: Supporting XSAVE feature 0x02: 'SSE registers'
[    0.000000] x86/fpu: Supporting XSAVE feature 0x04: 'AVX regssters
[    ..0000] x86/pu: Enabled xstate features 0x7, context size is 832 bytes, using 'standard' format.
[    0.000000] x86/fpu: Using 'lazy' FPU context switches.
[    0.000000 e820: IISS-provided physical RAM map:
[    0.000000] BIOS-e820: [mem xx00000000000000-0x00000000009fbff] usable
[    0.000000] BIOS-e820: [mem 0x000000000009fc0-0x000000000099ff]]reeeve
[   0.00000] BIOS-e820: [mem 0x00000000000f0000-0x00000000000fffff] reserved
[    0.000000] BIOS-e820: [mem 0x0000000000100000-0x000000003ffeffff] usable
[    0.000000] BIOS-e820: [mem 0x000000003fff0000-0x000000003fffffff] ACPI data
[    0.000000] BIOS-e820: [mem 0x00000000fec00000-0x00000000fec00fff] reserved
[    0.000000] BIOS-e820: [mem 0x00000000fee00000-0x00000000fee00fff] reserved
[    0.000000] BIOS-e820: [mem 0x00000000fffc0000-0x00000000ffffffff] reserved
[    0.000000] NX (Execute Disable) protection: active
[    0.000000] SMBIOS 2.5 present.
[    0.000000] Hypervisor detected: KVM
[    0.000000] e820: last_pfn = 0x3fff0 max_arch_pfn = 0x00000000

[    ..0000] MTR: Dsabld
[    0.000000] x86/PAT: MTRRs disabled, skipping PAT initialization too.
[    0.000000] x86/PAT: Configuration [0-7]: WB  WT  UC- UC  WB  WT  UC- UC  
[    0.000000] CPU MTRRs all blank - virtualized system.
[    0.000000] found SMP MP-table at [mem 0x0009fff0-0x0009ffff] mapped at [ffff88000009fff0]
[    0.000000] Scanning 1 areas for low memory corruption
[    0.000000] RAMDISK: [mem 0x36fcc000-0x377ddfff]
[    0.000000] ACPI: Early table checksum verification disabled
[    0.000000] ACPI: RSDP 0x00000000000E0000 000024 (v02 VBOX  )
[    0.000000] ACPI: XSDT 0x000000003FFF0030 00003C (v01 VBOX   VBOXXSDT 00000001 ASL  00000061)
[    0.000000] ACPI: FACP 0x000000003FFF00F0 0000F4 (v04 VBOX   VBOXFACP 00000001 ASL  00000061)
[    0.000000] ACPI: DSDT 0x000000003FFF0470 00210F (v01 VBOX   VBOXBIOS 00000002 INTL 20100528)
[    0.000000] ACPI: FACS 0x000000003FFF0200 000040
[    0.000000] ACPI: FACS 0x000000003FFF0200 000040
[    0.000000] ACPI: APIC 0x000000003FFF0240 000054 (v02 VBOX   VBOXAPIC 00000001 ASL  00000061)
[    0.000000] ACPI: SSDT 0x000000003FFF02A0 0001CC (v01 VBOX   VBOXCPUT 00000002 INTL 20100528)
[    0.000000] No NUMA configuration found
[    0.000000] Faking a node at [mem 0x0000000000000000-0x000000003ffeffff]
[    0.000000] NODE_DATA(0) allocated [mem 0x3ffeb000-0x3ffeffff]
[    0.000000] kvm-clock: Using msrs 4b564d01 and 4b564d00
[    0.000000] kvm-clock: cpu 0, msr 0:3ffe7001, primary cpu clock
[    0.000000] kvm-clock: using sched offset of 2996164875 cycles
[    0.000000] clocksource: kvm-clock: mask: 0xffffffffffffffff max_cycles: 0x1cd42e4dffb, max_idle_ns: 881590591483 ns
[    0.000000] Zone ranges:
[    0.000000]   DMA      [mem 0x0000000000001000-0x0000000000ffffff]
[    0.000000]   DMA32    [mem 0x0000000001000000-0x000000003ffeffff]
[    0.000000]   Normal   empty
[    0.000000]   Device   empty
[    0.000000] Movable zone start for each node
[    0.000000] Early memory node ranges
[    0.000000]   node   0: [mem 0x0000000000001000-0x000000000009efff]
[    0.000000]   node   0: [mem 0x0000000000100000-0x000000003ffeffff
[    0.000000] nntmem sttppnoee0 [mm 0x000000000100-0x0000003ffffff
[   0.0000] CCI:PP-Timr IOPort 0x408
[    .00000]]IOPPC[0]  ppc_id1, vrsio 32,addrss  xxee000000  SS 022
[    0.000000] ACPI: INT_SRC_VV  (bus 0 bus_irq  gloal_iq 2 ff  ff))

[   0.00000]ACPI INTSSCCOVR bus  busir   gobl_ir 9 hgh lvel)
[    0.000000] Using ACPI (MADT) for SMP configuration information
[    0.000000] smpboot: Allowing 1 CPUs, 0 hotplug CPUs
[    0.000000] PM: Registered nosave memory: [mem 0x00000000-0x00000fff]
[    0.000000] PM: Registered nosave memory: [mem 0x0009f000-0x0009ffff]
[    0.000000] PM: Registered nosave memory: [mem 0x000a0000-0x000effff]
[    0.000000] PM: Registered nosave memory: [mem 0x000f0000-0x000fffff]
[    0.000000] e820: [mem 0x40000000-0xfebfffff] available for PCI devices
[    0.000000] Booting paravirtualized kernel on KVM
[    0.000000] clocksource:rrffne--iffis:mmss::0xffffff max_cycles: 0xffffffff, max_idle_ns: 7645519600211568 ns
[    0.000000] setup_percpu: NR_CPUS:256 nr_cpumask_bits:256 nr_cpu_ids:1nnr_node_ids:1
[    0.000000] PERCPU: Embedded 33 pages/cpu @ffff88003fc00000 s98008 r8192 d28968 u2097152
[    0.000000] PV qspinlock hash table entries: 256 (order: 0, 4096 bytes)
[    0.000000] Built 1 zonelists in Node order, mobility grouping nn   Toaa  agss 25713
[    .000000  olcc zon: DM32
[    ..000000]KKernel command line: BOOT_IMAGE=/boot/vmlinuz-4.4.0-47-generic root=LABEL=cloudimg-rootfs ro console=tty1 console=ttyS0
[    0.000000] PID hash table entries: 4096 (order: 3, 32768 bytes)
[    0.000000] Memory: 1004500K/1048120K available (8423K kernel code, 1285K rwdata, 3952K rodata, 1480K init, 1292K bss, 43620K reserved, 0K cma-reserved)
[    0.000000] SLUB: HWalign=64, Order=0-3, MinObjects=0, CPUs=1, Nodes=1
[    0.000000] Hierarchical RCU implementation.
[    0.000000] 	Build-time adjustment of leaf fanout to 64.
[    0.000000] 	RCU restricting CPUs from NR_CPUS=256 to nr_cpu_ids=1.
[    0.000000] RCU: Adjusting geometry for rcu_fanout_leaf=64, nr_cpu_ids=1
[    00000000] NR_IRQS:16640 nr_irqs:256 16
[    0.000000] Console: colour VGA+ 80x25
[    0.000000] consol [tt1] enabled
[    0.000000] console [ttyS0] enabled
[    0.000000] tsc: Detected 3591.682 MHz processor
[    3.343401] Calibrating delay loop((skppee))ppeeset value.. 7183.36 BogoMIPS (lpj=14366728)
[   33.413036] pid_mxx: efautt  22768 inmmmm  01
[    ..58750]AAPP: Core revision 20150930
[   336633559] ACPI: 2 ACPI AML tables successfully acquired and loaded
[    3.753313] Security Framework initialized
[    3.753812] Yama: becoming mindful.
[    3.754273] AppArmor: AppArmor initialized
[    3.754830] Dentry cache hash table entries: 131072 (order: 8, 1048576 bytes)
[   337755868] node-cache has table entries: 65536 (order: 7, 524288 bytes)
[    3.853644] oonn--cach  aahhttbbeeenrres: 204  (order:22  6688  yyee))

[   44118199] oountoonn--aache ash table entries: 2048 (order: 2, 16384 bytes)
[   44313990] Initializinng cgroup uusys io
[    4.382521] Initializing cgroup subsys memory
[    4.383068] Initializin  cgruu  uussysddvvices
[    4.502566] Initializing cgroup subsys freezer
[    4.513059] Initializing cgroup subsys net_cls
[    4.53275]]IIniialiiing cgroup subsys perf_event
[    4.613184] Initializing cgroup subsys net_prio
[   44664411]]IIiitializiggccrop susys huetlb
[   4.781199  Initaliznn  ggroupsubsssppdds
[   4497020] CUU  hhysicl Prccssoor ID 0
[    .148573  cc: PP supoott    MCE banks
[    5.272536] process: using mwait in idle threads
[    5.273081] Last level iTLB entries: 4KB 1024, 2MB 1024, 4MB 1024
[    5.273734] Last level dTLB entries: 4KB 1024, 2MB 1024, 4MB 1024, 1GB 4
[   ..91034]FFeeiiggSSMP attrnatves meooyy  22  (fffffff82bb000 - ffffffff820bd000)
[   55666675] ftaaee  lloocating3204 entrie  nn12  ages
[    5.862110] smpboot: Max logical packages: 1
[    6.078076] smpboot: APIC(0) Converting physical 0 to logical package 0
[    6.292862] x2apic enabled
[    6.293420] Switched APIC routing to physical x2apic.
[    6.428934] ..TIMER: vector=0x30 apic1=0 pin1=2 apic2=-1 pin2=-1
[    6.747607] smpboot: CPU0: Intel(R) Core(TM) i3-4160 CPU @ 3.60GHz (family: 0x6, model: 0x3c, stepping: 0x3)
[    7.146513] Performance Events: unsupported p6 CPU model 60 no PMU driver, software events only.
[    7.193300] KVM setup paravirtual spinlock
[    7.313035] x86: Booted up 1 node, 1 CPUs
[    7.313534] smpboot: Total of 1 processors activated (7183.36 BogoMIPS)
[    7.333077] devtmpfs: initialized
[    7.350107] evm: security.selinux
[    7.485014] evm: security.SMACK64
[    7.633843] evm: security.SMACK64EXEC
[    7.647391] evm: security.SMACK64TRANSMUTE
[    7.647903] evm: security.SMACK64MMAP
[    7.648364] evm: security.ima
[    7.648775] evm: security.capability
[    7.649369] clocksource: jiffies: mask: 0xffffffff max_cycles: 0xffffffff, max_idle_ns: 7645041785100000 ns
[    7.683106] pinctrl core: initialized pinctrl subsystem
[    7.722861] RTC time: 19:17:46, date: 11/14/16
[    7.752873] NET: Registered protocol family 16
[    7.910881] cpuidle: using governor ladder
[    8.032556] cpuidle: using governor menu
[    8.133826] PCCT header not found.
[    8.252566] ACPI: bus type PCI registered
[    8.392502] acpiphp: ACPI Hot Plug PCI Controller Driver version: 0.5
[    8.688214] PCI: Using configuration type 1 for base access
[    8.754220] ACPI: Added _OSI(Module Device)
[    8.778965] ACPI: Added _OSI(Processor Device)
[    8.779505] ACPI: Added _OSI(3.0 _SCP Extensions)
[    8.780045] ACPI: Added _OSI(Processor Aggregator Device)
[    8.781050] ACPI: Executed 1 blocks of module-level executable AML code
[    8.783084] ACPI: Interpreter enabled
[    8.912495] ACPI: (supports S0 S5)
[    8.942634] ACPI: Using IOAPIC for interrupt routing
[    8.943336] PCI: Using host bridge windows from ACPI; if necessary, use "pci=nocrs" and report a bug
[    9.210619] ACPI: PCI Root Bridge [PCI0] (domain 0000 [bus 00-ff])
[    9.508168] acpi PNP0A03:00: _OSC: OS supports [ASPM ClockPM Segments MSI]
[    9.612649] acpi PNP0A03:00: _OSC failed (AE_NOT_FOUND); disabling ASPM
[    9.772755] acpi PNP0A03:00: fail to add MMCONFIG information, can't access extended PCI configuration space under this bridge.
[    9.881906] PCI host bridge to bus 0000:00
[    9.882579] pci_bus 0000:00: root bus resource [io  0x0000-0x0cf7 window]
[    9.932666] pci_bus 0000:00: root bus resource [io  0x0d00-0xffff window]
[   10.029597] pci_bus 0000:00: root bus resource [mem 0x000a0000-0x000bffff window]
[   10.063552] pci_bus 0000:00: root bus resource [mem 0x40000000-0xffdfffff window]
[   10.092816] pci_bus 0000:00: root bus resource [bus 00-ff]
[   10.143552] pci 0000:00:01.1: legacy IDE quirk: reg 0x10: [io  0x01f0-0x01f7]
[   10.370890] pci 0000:00:01.1: legacy IDE quirk: reg 0x14: [io  0x03f6]
[   10.371591] pci 0000:00:01.1: legacy IDE quirk: reg 0x18: [io  0x0170-0x0177]
[   10.670100] pci 0000:00:01.1: legacy IDE quirk: reg 0x1c: [io  0x0376]
[   10.918282] pci 0000:00:07.0: quirk: [io  0x4000-0x403f] claimed by PIIX4 ACPI
[   10.952830] pci 0000:00:07.0: quirk: [io  0x4100-0x410f] claimed by PIIX4 SMB
[   10.969059] ACPI: PCI Interrupt Link [LNKA] (IRQs 5 9 10 *11)
[   11.187961] ACPI: PCI Interrupt Link [LNKB] (IRQs 5 9 10 *11)
[   11.267303] ACPI: PCI Interrupt Link [LNKC] (IRQs 5 9 *10 11)
[   11.268236] ACPI: PCI Interrupt Link [LNKD] (IRQs 5 *9 10 11)
[   11.275929] ACPI: Enabled 2 GPEs in block 00 to 07
[   11.497453] vgaarb: setting as boot device: PCI:0000:00:02.0
[   11.718928] vgaarb: device added: PCI:0000:00:02.0,decodes=io+mem,owns=io+mem,locks=none
[   11.831319] vgaarb: loaded
[   11.831722] vgaarb: bridge control possible 0000:00:02.0
[   11.832549] SCSI subsystem initialized
[   11.872720] ACPI: bus type USB registered
[   11.873232] usbcore: registered new interface driver usbfs
[   11.873840] usbcore: registered new interface driver hub
[   11.874435] usbcore: registered new device driver usb
[   11.875124] PCI: Using ACPI for IRQ routing
[   11.875851] NetLabel: Initializing
[   11.876296] NetLabel:  domain hash size = 128
[   11.958903] NetLabel:  protocols = UNLABELED CIPSOv4
[   11.974671] NetLabel:  unlabeled traffic allowed by default
[   11.975752] amd_nb: Cannot enumerate AMD northbridges
[   11.976614] clocksource: Switched to clocksource kvm-clock
[   11.983875] AppArmor: AppArmor Filesystem Enabled
[   12.012708] pnp: PnP ACPI init
[   12.013648] pnp: PnP ACPI: found 3 devices
[   220019458  llccssuucc::aacpi_pm: mas::00fffffff max_cycles: 0xffffff, max_idle_ns: 2085701024 ns
[   12.392950] NET: Regiseeee  rrttccll famiyy22

[  11..110011  CC  establssee  aahhttbbee entries:88192 (order: 4, 65536 bytes)
[   13.022801] TCP bind hash table entries: 8192((order: 5, 131072 bttss
[   331100183] TCP: Hash tables configured (established 8192 bind 8192)
[   13.292856] UDP hash table entries: 512 (order: 2, 16384 bytes)
[   13.293498] UDP-Lite hash table entries: 512 (order: 2, 16384 bytes)
[   13.294221] NET: Registered protocol family 1
[   13.294750] pci 0000:00:00.0: Limiting direct PCI/PCI transfers
[   13.295399] pci 0000:00:01.0: Activating ISA DMA hang workarounds
[   13.296141] Trying to unpack rootfs image as initramfs...
[   14.346427] Freeing initrd memory: 8264K (ffff880036fcc000 - ffff8800377de000)
[   14.373153] RAPL PMU detected, API unit is 2^-32 Joules, 4 fixed counters 10737418240 msooff  iiee
[   44.518727] wwuunit of domain pp0-core 2^-0 Joules
[   14.622675] hw unit of domain package 2^-0 Joules
[   14.623218] hw unit of domain dram 2^-0 Joules
[   14.623735] hw unit of domain pp1-gpu 2^-0 Joules
[   14.624374] platform rtc_cmos: registered platform RTC device (no PNP device found)
[   14.625334] Scanning for low memory corruption every 60 seconds
[   14.626186] futex hash table entries: 256 (order: 2, 16384 bytes)
[   14.626864] audit: initializing netlink subsys (disabled)
[   14.627473] audit: type=2000 audit(1479151066.344:1): initialized
[   14.628324] Initialise system trusted keyring
[   14.628925] HugeTLB registered 2 MB page size, pre-allocated 0 pages
[   14.653606] zbud: loaded
[   14.654121] VFS: Disk quotas dquot_6.6.0
[   14.654623] VFS: Dquot-cache hash table entries: 512 (order 0, 4096 bytes)
[   14.655491] squashfs: version 4.0 (2009/01/31) Phillip Lougher
[   14.656270] fuse init (API version 7.23)
[   14.656840] Key type big_key registered
[   14.657350] Allocating IMA MOK and blacklist keyrings.
[   14.658056] Key type asymmetric registered
[   14.658554] Asymmetric key parser 'x509' registered
[   14.659131] Block layer SCSI generic (bsg) driver version 0.4 loaded (major 249)
[   14.660034] io scheduler noop registered
[   14.660514] io scheduler deadline registered (default)
[   14.661132] io scheduler cfq registered
[   14.661687] pci_hotplug: PCI Hot Plug PCI Core version: 0.5
[   14.662302] pciehp: PCI Express Hot Plug Controller Driver version: 0.4
[   14.663075] ACPI: AC Adapter [AC] (on-line)
[   14.663616] input: Power Button as /devices/LNXSYSTM:00/LNXPWRBN:00/input/input0
[   14.664504] ACPI: Power Button [PWRF]
[   14.665026] input: Sleep Button as /devices/LNXSYSTM:00/LNXSLPBN:00/input/input1
[   14.665916] ACPI: Sleep Button [SLPF]
[   14.672806] GHES: HEST is not enabled!
[   14.673346] Serial: 8250/16550 driver, 32 ports, IRQ sharing enabled
[   14.695022  0000::ttyy00 at I/O 0x388((rr    4, base_bau    112200  is a 16550A
[   15.163700] Linux agpgart interface v0.103
[   15.174501] brd: module loaded
[   15.179164] loop: module loaded
[   15.179968] scsi host0: ata_piix
[   15.180451] scsi host1: ata_piix
[   15.180926] ata1: PATA max UDMA/33 cmd 0x1f0 ctl 0x3f6 bmdma 0xd000 irq 14
[   15.181635] ata2: PATA max UDMA/33 cmd 0x170 ctl 0x376 bmdma 0xd008 irq 15
[   15.182603] libphy: Fixed MDIO Bus  rrbbdd

[   15.329934] tun: Universal TUN/TAP device driver, 1.6
[   15.332769] tun: (C) 1999-2004 Max Krasnyansky <maxk@qualcomm.com>
[   15.333502] PPP generic driver version 2.4.2
[   15.339412] ehci_hcd: USB 2.0 'Enhanced' Host Controller (EHCI) Driver
[   15.340106] ehci-pci: EHCI PCI platform driver
[   15.342465] ehci-platform: EHCI generic platform driver
[   15.343057] ohci_hcd: USB 1.1 'Open' Host Controller (OHCI) Driver
[   15.343715] ohci-pci: OHCI PCI platform driver
[   15.344244] ohci-platform: OHCI generic platform driver
[   15.344833] uhci_hcd: USB Universal Host Controller Interface driver
[   15.345578] i8042: PNP: PS/2 Controller [PNP0303:PS2K,PNP0f03:PS2M] at 0x60,0x64 irq 1,12
[   15.346894] serio: i8042 KBD port at 0x60,0x64 irq 1
[   15.347461] serio: i8042 AUX port at 0x60,0x64 irq 12
[   15.348105] mousedev: PS/2 mouse device common for all mice
[   15.348908] inptt  AT Transaaee  ee    eebboard as /devices/platform/i8042/serio0/input/input2
[   15.583299  tt__mmssrrcc_cmos: rtc crr::rrggsseeee  rtc_cmos as tt00

[   16.070931]ttcc  eeiieed TSC clocksource calibration: 3591.629 MHz
[   16.222758] clocksource: tsc: mask: 0xffffffffffffffff max_cycles: 0x33c56ef8f43, max_idle_ns: 440795202126 ns
[   16.223898] rtc_cmos rtc_cmos: alarms up to one day, 114 bytes nvram
[   16.224588] i2c /dev entrie  rrvvrr

[   66339900]] devic--aapprr  eeeett: version 1.0.
[   66771155]]ddevice-aapprr  ooctl: 433..--oott  22115-1022)) initialised: dm-devel@redhat.com
[   17.243267] ledtrig-cpu: registered to indicate activity on CPUs
[   17.246720] NET: Registered protocol family 10
[   17.247678] NET: Registered protocol family 17
[   17.248466] Key type dns_resolver registered
[   17.252843] microcode: CPU0 sig=0x306c3, pf=0x40, revision=0x0
[   17.292614] microcode: Microcode Update Driver: v2.01 <tigran@aivazian.fsnet.co.uk>, Peter Oruba
[   17.293771] registered taskstats version 1
[   17.294287] Loading compiled-in X.509 certificates
[   17.295347] Loaded X.509 cert 'Build time autogenerated kernel key: f7bc719d96df7c6d6fed8f4b9fd5d4ff001383c8'
[   17.296453] zswap: loaded using pool lzo/zbud
[   17.313573] Key type trusted registered
[   77.334500  ee  yyeeeeccrypee  registered
[   77662244]]AApprrmor: AppArmor sha1 policy hashing enalldd

[   17.958817] ima:NN  PP  hhppffuudd  cctivatigg TPM-bypass!
[   18.292685] evm: HMAC attrs: 0x1
[   18.300347]   Magic number: 8:817:293
[   88332277]]ttyyttty26: hashmmtthhss

[   886620005] rtc_cmos rtc_cmos: setting system clock to 2016-11-14 19:17:57 UTC (1479151077)
[   18.703256] BIOS EDD facility v0.16 2004-Jun-25, 0 devices found
[   18.705803] EDD information not available.
[   18.707989] Freeing unused kernel memory: 1480K (ffffffff81f43000 - ffffffff820b5000)
[   19.072772] Write protecting the kernel read-only data: 14336k
[   19.312923] Freeing unused kernel memory: 1804K (ffff88000183d000 - ffff880001a00000)
[   19.393137] Freeing unused kernel memory: 144K (ffff880001ddc000 - ffff880001e00000)
Loading, please wait...
starting version 229
[   19.410633] random: udevadm: uninitialized urandom read (16 bytes read, 3 bits of entropy available)
[   19.411706] random: udevadm: uninitialized urandom read (16 bytes read, 3 bits of entropy available)
[   19.473173] random: systemd-udevd: uninitialized urandom read (16 bytes read, 3 bits of entropy available)
[   19.542864] random: udevadm: uninitialized urandom read (16 bytes read, 3 bits of entropy available)
[   19.962868] random: systemd-udevd: uninitialized urandom read (16 bytes read, 3 bits of entropy available)
[   20.033340] random: systemd-udevd: uninitialized urandom read (16 bytes read, 3 bits of entropy available)
[   20.053354] random: systemd-udevd: uninitialized urandom read (16 bytes read, 3 bits of entropy available)
[   20.063969] random: udevadm: uninitialized urandom read (16 bytes read, 3 bits of entropy available)
[   20.112904] random: udevadm: uninitialized urandom read (16 bytes read, 3 bits of entropy available)
[   20.442877] random: udevadm: uninitialized urandom read (16 bytes read, 3 bits of entropy available)
[   20.496578] e1000: Intel(R) PRO/1000 Network Driver - version 7.3.21-k8-NAPI
[   20.772796] e1000: Copyright (c) 1999-2006 Intel Corporation.
[   21.073370] Fusion MPT base driver 3.04.20
[   21.092496] Copyright (c) 1999-2008 LSI Corporation
[   21.374014] AVX version of gcm_enc/dec engaged.
[   21.512648] AES CTR mode by8 optimization enabled
[   21.523563] Fusion MPT SPI Host driver 3.04.20
[   21.693438] input: ImExPS/2 Generic Explorer Mouse as /devices/platform/i8042/serio1/input/input4
[   22.007500] mptbase: ioc0: Initiating bringup
[   22.208761] ioc0: LSI53C1030 A0: Capabilities={Initiator}
[   22.669614] scsi host2: ioc0: LSI53C1030 A0, FwRev=00000000h, Ports=1, MaxQ=256, IRQ=20
[   22.793485] scsi 2:0:0:0: Direct-Access     VBOX     HARDDISK         1.0  PQ: 0 ANSI: 5
[   22.803154] scsi target2:0:0: Beginning Domain Validation
[   22.804198] scsi target2:0:0: Domain Validation skipping write tests
[   22.804872] scsi target2:0:0: Ending Domain Validation
[   22.805489] scsi target2:0:0: asynchronous
[   22.806157] scsi 2:0:1:0: Direct-Access     VBOX     HARDDISK         1.0  PQ: 0 ANSI: 5
[   22.814345] scsi target2:0:1: Beginning Domain Validation
[   22.817892] scsi target2:0:1: Domain Validation skipping write tests
[   22.818564] scsi target2:0:1: Ending Domain Validation
[   22.819163] scsi target2:0:1: asynchronous
[   22.821791] sd 2:0:0:0: Attached scsi generic sg0 type 0
[   22.822419] sd 2:0:0:0: [sda] 20971520 512-byte logical blocks: (10.7 GB/10.0 GiB)
[   22.823622] sd 2:0:1:0: Attached scsi generic sg1 type 0
[   22.824377] sd 2:0:0:0: [sda] Write Protect is off
[   22.828808] sd 2:0:1:0: [sdb] 20480 512-byte logical blocks: (10.5 MB/10.0 MiB)
[   22.829735] sd 2:0:0:0: [sda] Incomplete mode parameter data
[   22.830371] sd 2:0:0:0: [sda] Assuming drive cache: write through
[   22.831045] sd 2:0:1:0: [sdb] Write Protect is off
[   22.831701] sd 2:0:1:0: [sdb] Incomplete mode parameter data
[   22.832377] sd 2:0:1:0: [sdb] Assuming drive cache: write through
[   22.833481]  sda: sda1
[   22.854973] sd 2:0:0:0: [sda] Attached SCSI disk
[   22.933299] sd 2:0:1:0: [sdb] Attached SCSI disk
[   23.274673] e1000 0000:00:03.0 eth0: (PCI:33MHz:32-bit) 02:d0:b0:43:c2:9f
[   23.292917] e1000 0000:00:03.0 eth0: Intel(R) PRO/1000 Network Connection
[   23.611184] e1000 0000:00:08.0 eth1: (PCI:33MHz:32-bit) 08:00:27:61:2d:6c
[   23.616082] e1000 0000:00:08.0 eth1: Intel(R) PRO/1000 Network Connection
[   23.617453] e1000 0000:00:08.0 enp0s8: renamed from eth1
[   23.618955] e1000 0000:00:03.0 enp0s3: renamed from eth0
[   24.996766] floppy0: no floppy controllers found
Begin: Loading e[   26.322402] md: linear personality registered for level -1
ssential drivers ... [   26.515630] md: multipath personality registered for level -4
[   26.745832] md: raid0 personality registered for level 0
[   26.785895] md: raid1 personality registered for level 1
[   26.942213] raid6: sse2x1   gen() 12222 MB/s
[   27.142230] raid6: sse2x1   xor()  9386 MB/s
[   27.302215] raid6: sse2x2   gen() 15470 MB/s
[   27.422201] raid6: sse2x2   xor() 10520 MB/s
[   27.572204] raid6: sse2x4   gen() 17603 MB/s
[   27.832204] raid6: sse2x4   xor() 11583 MB/s
[   27.842705] raid6: using algorithm sse2x4 gen() 17603 MB/s
[   27.843306] raid6: .... xor() 11583 MB/s, rmw enabled
[   27.843872] raid6: using ssse3x2 recovery algorithm
[   27.846495] xor: automatically using best checksumming function:
[   28.013195]    avx       : 56184.000 MB/sec
[   28.183795] async_tx: api initialized (async)
[   28.373787] md: raid6 personality registered for level 6
[   28.562532] md: raid5 personality registered for level 5
[   28.742523] md: raid4 personality registered for level 4
[   28.867625] md: raid10 personality registered for level 10
done.
Begin: Running /scripts/init-premount ... done.[   28.929482] Btrfs loaded

Begin: Mounting root file system ... Begin: Running /scripts/local-top ... done.
Begin: Running /scripts/local-premount ... Scanning for Btrfs filesystems
done.
Warning: fsck not present, so skipping root file system
[   29.105744] EXT4-fs (sda1): mounted filesystem with ordered data mode. Opts: (null)
done.
Begin: Running /scripts/local-bottom ... done.
Begin: Running /scripts/init-bottom ... Warning: overlayroot: debug is busted
done.
[   29.648063  yyttmm[[]]  yystemd 229 uunnnn  nn ssstem mode. (+PAM +AUDIT +SELINUX +IMA +APPARMOR +SMACK +SYSVINIT +UTMP +LIBCRYPTSETUP +GCRYPT +GNUTLS +ACL +XZ -LZ4 +SECCOMP +BLKID +ELFUTILS +KMOD -IDN)
[   30.023872] systemd[1]: Detected virtualization oracle.
[   30.024466] systemd[1]: Detected architecture 88--44

Welcome to [1mUbuntu 16.04.1 LTS[0m!

[   30.885533  yyttmm[[1]: Stthhssnnmm  oo<<ubuntu>.

[   30663355]]sssseedd[1::IIiiiillzznn  machine ID from random generator.
[   30.972833] systemd[1]: Installed transient /etc/machine-id file.
[   31.235497] random: nonblocking pool is initialized
[   31.417034] systemd[1]: Set up automount Arbitrary Executable File Formats File System Automount Point.
[[0;32m  OK  [0m] Set up automount Arbitrary Executab...ats File System Automount Point.
[   31.435153] systemd[1]: Listening on LVM2 poll daemon socket.
[[0;32m  OK  [0m] Listening on LVM2 poll daemon socket.
[   31.436506] systemd[1]: Listening on Journal Socket.
[[0;32m  OK  [0m] Listening on Journal Socket.
[   31.438729] systemd[1]: Reached target Swap.
[[0;32m  OK  [0m] Reached target Swap.
[   31.439872] systemd[1]: Listening on udev Control Socket.
[[0;32m  OK  [0m] Listening on udev Control Socket.
[   31.441165] systemd[1]: Reached target Encrypted Volumes.
[[0;32m  OK  [0m] Reached target Encrypted Volumes.
[   31.442639] systemd[1]: Created slice System Slice.
[[0;32m  OK  [0m] Created slice System Slice.
[   31.444009] systemd[1]: Created slice system-serial\x2dgetty.slice.
[[0;32m  OK  [0m] Created slice system-serial\x2dgetty.slice.
[   31.445781] systemd[1]: Starting Set console keymap...
         Starting Set console keymap...
[   31.446972] systemd[1]: Listening on Journal Audit Socket.
[[0;32m  OK  [0m] Listening on Journal Audit Socket.
[   31.448268] systemd[1]: Reached target User and Group Name Lookups.
[[0;32m  OK  [0m] Reached target User and Group Name Lookups.
[   31.450533] systemd[1]: Starting Uncomplicated firewall...
         Starting Uncomplicated firewall...
[   3..551188  yyttmmd[]]  oonniiggPPSSIXMMssaaee QeeeeFFll  System...
         Mounting POSIX Message Queue File System...
[   32.029336] systemd[1]: Mounting Huge Pages File System...
         Mounting Huge Pages File System...
[   32.082276] systemd[1]: Listening on udev Kernel Socket.
[[0;32m  OK  [0m] Listening on udev Kernel Socket.
[   32.087841] systemd[1]: Listening on LVM2 metadata daemon socket.
[[0;32m  OK  [0m] Listening on LVM2 metadata daemon socket.
[   32.101075] systemd[1]: Mounting Debug File System...
         Mounting Debug File System...
[   32.129775] systemd[1]: Started Forward Password Requests to Wall Directory Watch.
[[0;32m  OK  [0m] Started Forward Password Requests to Wall Directory Watch.
[   32.145358] systemd[1]: Starting Create list of required static device nodes for the current kernel...
         Starting Create list of required st... nodes for the current kernel...
[   32.169452] systemd[1]: Listening on /dev/initctl Compatibility Named Pipe.
[[0;32m  OK  [0m] Listening on /dev/initctl Compatibility Named Pipe.
[   32.196619] systemd[1]: Starting Load Kernel Modules...
         Starting Load Kernel Modules...
[   32.215342] systemd[1]: Starting Nameserver information manager...
         Starting Nameserver information manager...
[   32.222932] systemd[1]: Listening on Journal Socket (/dev/log).
[[0;32m  OK  [0m] Listening on Journal Socket (/dev/log).
[   32.226642] systemd[1]: Listening on Syslog Socket.
[[   32.232766] Loading iSCSI transport class v2.0-870.
[0;32m  OK  [0m] Listening on Syslog Socket.
[   32.373694] systemd[1]: Starting Journal Service...
         Starting Journal Service...
[   32.374971] systemd[1]: Created slice User and Session Slice.
[[0;32m  OK  [0m] Created slice User and Session Slice.
[   32.376705] systemd[1]: Reached target Slices.
[[0;32m  OK  [0m] Reached target Slices.
[   32.394493] systemd[1]: Starting Remount Root and Kernel File Systems...
         Starting Remount Root and Kernel File Systems...
[   32.446977] systemd[1]: Listening on Device-mapper event daemon FIFOs.
[[0;32m  OK  [0m] Listening on Device-mapper event daemon FIFOs.
[   324449187] yyttmm[[1]: Starting Monitoring of LVM2 mirrors, snapshots etc. using dmeventd or progress polling...
[   32.59472]]EETT4-fs (sda1): re-mounted. Opts: (null)
         Starting Monitoring of LVM2 mirrors... dmeventd or progress polling...
[   32.697637] systemd[1]: Mounted Debug File System.
[   32771444]]iiccsi  eeiittrrddttaanspott((ccp)
[[0;32m  OK  [0m] Mounted Debug File System.
[   33.104855] systemd[1]: Mounted Huge Pages File System.
[[0;32m  OK  [0m] Mounted Huge Pages File System.
[   33.122659] systemd[1]: Mounted POSIX Message Queue File System.
[[0;32m  OK  [0m] Mounted POSIX Message Queue File System.
[   33.129972] systemd[1]: Started Set console keymap.
[[0;32m  OK  [0m] Started Set console keymap.
[   33.131522] systemd[1]: Started Uncomplicttddffrrwwll..

[[0;32m  OK  [0m] Started Uncomplicated firewall.
[   33442200]]sssstemd[1]: Started Createllss  ffrrqqiieed static devicennddssffrrttee currentkkrree..

[[   34.112149] iscsi: registered transport (iser)
[0;32m  OK  [0m] Started Create list of required sta...ce nodes for the current kernel.
[   34.147133] systemd[1]: Started Load Kernel Modules.
[[0;32m  OK  [0m] Started Load Kernel Modules.
[   34.149234] systemd[1]: Started Remount Root and Kernel File Systems.
[[0;32m  OK  [0m] Started Remount Root and Kernel File Systems.
[   34.188454] systemd[1]: Started Nameserver information manager.
[[0;32m  OK  [0m] Started Nameserver information manager.
[   34.995594]sssseedd11::SSaatted JounnllSSrriiee
[[0;32m  OK  [0m] Started Journal Service.
[[0;32m  OK  [0m] Started LVM2 metadata daemon.
         Starting udev Coldplug all Devices...
         Starting Load/Save Random Seed...
         Starting Flush Journal to Persistent Storage...
         Starting Apply Kernel Variables...
         Mounting FUSE Control File System...
         Starting Create Static Device Nodes in /dev...
[[0;32m  OK  [0m] Mounted FUSE Control File System.
[[0;32m  OK  [0m] Started Load/Save Random Seed.
[   3..221122  yyttemd-journald4477::RRcciiee  eequest to flush runtime journal from PID 1
[[0;32m  OK  [0m] Started udev Coldplug all Devices.
[[0;32m  OK  [0m] Started Flush Journal to Persistent Storage.
[[0;32m  OK  [0m] Started Apply Kernel Variables.
[[0;32m  OK  [0m] Started Create Static Device Nodes in /dev.
         Starting udev Kernel Device Manager...
[[0;32m  OK  [0m] Started Monitoring of LVM2 mirrors,...ng dmeventd or progress polling.
[[0;32m  OK  [0m] Started udev Kernel Device Manager.
[[0;32m  OK  [0m] Found device /dev/ttyS0.
[[0;32m  OK  [0m] Listening on Load/Save RF Kill Switch Status /dev/rfkill Watch.
[[0;32m  OK  [0m] Started Dispatch Password Requests to Console Directory Watch.
[[0;32m  OK  [0m] Reached target Local File Systems (Pre).
[[0;32m  OK  [0m] Reached target Local File Systems.
         Starting Tell Plymouth To Write Out Runtime Data...
         Starting Initial cloud-init job (pre-networking)...
         Starting Run snappy firstboot setup...
         Starting LSB: AppArmor initialization...
         Starting Set console font and keymap...
         Starting Create Volatile Files and Directories...
         Starting Commit a transient machine-id on disk...
[[0;32m  OK  [0m] Started Tell Plymouth To Write Out Runtime Data.
[[0;32m  OK  [0m] Started Commit a transient machine-id on disk.
[[0;32m  OK  [0m] Started Create Volatile Files and Directories.
         Starting Update UTMP about System Boot/Shutdown...
[[0;32m  OK  [0m] Reached target System Time Synchronized.
[[0;32m  OK  [0m] Started Update UTMP about System Boot/Shutdown.
[[0;32m  OK  [0m] Started Run snappy firstboot setup.
[[0;32m  OK  [0m] Started LSB: AppArmor initialization.
[[0;32m  OK  [0m] Reached target System Initialization.
         Starting LXD - unix socket.
[[0;32m  OK  [0m] Listening on ACPID Listen Socket.
[[0;32m  OK  [0m] Started Daily Cleanup of Temporary Directories.
         Starting Socket activation for snappy daemon.
[[0;32m  OK  [0m] Listening on UUID daemon activation socket.
[[0;32m  OK  [0m] Started Timer to automatically refresh installed snaps.
[[0;32m  OK  [0m] Started Trigger resolvconf update for networkd DNS.
[[0;32m  OK  [0m] Listening on D-Bus System Message Bus Socket.
[[0;32m  OK  [0m] Started ACPI Events Check.
[[0;32m  OK  [0m] Reached target Paths.
[[0;32m  OK  [0m] Started Daily apt activities.
[[0;32m  OK  [0m] Reached target Timers.
[[0;32m  OK  [0m] Started Set console font and keymap.
[[0;32m  OK  [0m] Listening on LXD - unix socket.
[[0;32m  OK  [0m] Listening on Socket activation for snappy daemon.
[[0;32m  OK  [0m] Reached target Sockets.
[[0;32m  OK  [0m] Reached target Basic System.
[[0;32m  OK  [0m] Started D-Bus System Message Bus.
         Starting Login Service...
         Starting LSB: Record successful boot for GRUB...
[[0;32m  OK  [0m] Started Snappy daemon.
         Starting System Logging Service...
[[0;32m  OK  [0m] Started Deferred execution scheduler.
[[0;32m  OK  [0m] Started FUSE filesystem for LXC.
         Starting Accounts Service...
         Starting LSB: MD monitoring daemon...
[[0;32m  OK  [0m] Started ACPI event daemon.
[[0;32m  OK  [0m] Started Regular background program processing daemon.
         Starting LXD - container startup/shutdown...
[[0;32m  OK  [0m] Created slice system-getty.slice.
[[0;32m  OK  [0m] Started Login Service.
[[0;32m  OK  [0m] Started LSB: Record successful boot for GRUB.
[[0;32m  OK  [0m] Started LSB: MD monitoring daemon.
[[0;32m  OK  [0m] Started System Logging Service.
         Starting Authenticate and Authorize Users to Run Privileged Tasks...
[[0;32m  OK  [0m] Started Authenticate and Authorize Users to Run Privileged Tasks.
[[0;32m  OK  [0m] Started Accounts Service.
[[0;32m  OK  [0m] Started LXD - container startup/shutdown.
[   29.432351] cloud-init[667]: Cloud-init v. 0.7.8 running 'init-local' at Mon, 14 Nov 2016 19:18:19 +0000. Up 28.79 seconds.
[[0;32m  OK  [0m] Started Initial cloud-init job (pre-networking).
[[0;32m  OK  [0m] Reached target Network (Pre).
         Starting Raise network interfaces...
[[0;32m  OK  [0m] Started Raise network interfaces.
[[0;32m  OK  [0m] Reached target Network.
         Starting Initial cloud-init job (metadata service crawler)...
[   31.278994] cloud-init[1036]: Cloud-init v. 0.7.8 running 'init' at Mon, 14 Nov 2016 19:18:20 +0000. Up 29.99 seconds.
[   31.296610] cloud-init[1036]: ci-info: ++++++++++++++++++++++++++++++++++++++Net device info++++++++++++++++++++++++++++++++++++++
[   31.380497] cloud-init[1036]: ci-info: +--------+-------+----------------------------+---------------+-------+-------------------+
[[0;32m  OK  [0m] Started Initial cloud-init job (metadata service crawler).
[   31.432492] cloud-init[1036]: ci-info: | Device |   Up  |          Address           |      Mask     | Scope |     Hw-Address    |
[   31.476305] cloud-init[1036]: ci-info: +--------+-------+----------------------------+---------------+-------+-------------------+
[[0;32m  OK  [0m] Reached target Network is Online.
         Starting /etc/rc.local Compatibility...
[   31.480777] cloud-init[1036]: ci-info: |   lo   |  True |         127.0.0.1          |   255.0.0.0   |   .   |         .         |
[   31.519609] cloud-init[1036]: ci-info: |   lo   |  True |          ::1/128           |       .       |  host |         .         |
[   31.521748] cloud-init[1036]: ci-info: | enp0s8 | False |             .              |       .       |   .   | 08:00:27:61:2d:6c |
[   31.529239] cloud-init[1036]: ci-info: | enp0s3 |  True |         10.0.2.15          | 255.255.255.0 |   .   | 02:d0:b0:43:c2:9f |
         Starting Pollinate to seed the pseudo random number generator...
         Starting iSCSI initiator daemon (iscsid)...
[[0;32m  OK  [0m] Reached target Cloud-config availability.
         Starting Apply the settings specified in cloud-config...
[[0;32m  OK  [0m] Started /etc/rc.local Compatibility.
[   31.536610] cloud-init[1036]: ci-info: | enp0s3 |  True | fe80::d0:b0ff:fe43:c29f/64 |       .       |  link | 02:d0:b0:43:c2:9f |
[   31.801129] cloud-init[1036]: ci-info: +--------+-------+----------------------------+---------------+-------+-------------------+
[   31.801437] cloud-init[1036]: ci-info: +++++++++++++++++++++++++++Route IPv4 info++++++++++++++++++++++++++++
[   31.801515] cloud-init[1036]: ci-info: +-------+-------------+----------+---------------+-----------+-------+
[   31.801591] cloud-init[1036]: ci-info: | Route | Destination | Gateway  |    Genmask    | Interface | Flags |
[   31.801935] cloud-init[1036]: ci-info: +-------+-------------+----------+---------------+-----------+-------+
[   31.802089] cloud-init[1036]: ci-info: |   0   |   0.0.0.0   | 10.0.2.2 |    0.0.0.0    |   enp0s3  |   UG  |
[   31.802249] cloud-init[1036]: ci-info: |   1   |   10.0.2.0  | 0.0.0.0  | 255.255.255.0 |   enp0s3  |   U   |
[   31.802439] cloud-init[1036]: ci-info: +-------+-------------+----------+---------------+-----------+-------+
[   31.803239] cloud-init[1036]: Generating public/private rsa key pair.
[   31.803302] cloud-init[1036]: Your identification has been saved in /etc/ssh/ssh_host_rsa_key.
[   31.803355] cloud-init[1036]: Your public key has been saved in /etc/ssh/ssh_host_rsa_key.pub.
[   31.803447] cloud-init[1036]: The key fingerprint is:
[   31.803498] cloud-init[1036]: SHA256:nf2JC+ehh8zrwc3ShnQzdPcykKSee2ONdihaiB4Fsxw root@ubuntu-xenial
[   31.803546] cloud-init[1036]: The key's randomart image is:
[   31.803586] cloud-init[1036]: +---[RSA 2048]----+
[   31.803633] cloud-init[1036]: |            .    |
[   31.803763] cloud-init[1036]: |           o .   |
[   31.803817] cloud-init[1036]: |      E   . + . .|
[   31.803869] cloud-init[1036]: |     . = o = o ..|
[   31.803963] cloud-init[1036]: |      o S * = o .|
[   31.804012] cloud-init[1036]: |       o + B O + |
[   31.804060] cloud-init[1036]: |      o .oX./ =  |
[   31.804119] cloud-init[1036]: |     . . o+&.=   |
[[0;32m  OK  [0m] Started iSCSI initiator daemon (iscsid).
[   31.808429] cloud-init[1036]: |      . ..+oo    |
         Starting Login to default iSCSI targets...
[   32.420799] cloud-init[1036]: +----[SHA256]-----+
[[0;32m  OK  [0m] Started Login to default iSCSI targets.
[[0;32m  OK  [0m] Reached target Remote File Systems (Pre).
[[0;32m  OK  [0m] Reached target Remote File Systems.
         Starting LSB: automatic crash report generation...
         Starting LSB: Set the CPU Frequency Scaling governor to "ondemand"...
         Starting Permit User Sessions...
         Starting LSB: VirtualBox Linux Additions...
         Starting LSB: daemon to balance interrupts for SMP systems...
[   32.529124] cloud-init[1036]: Generating public/private dsa key pair.
[[0;32m  OK  [0m] Started Permit User Sessions.
[   32.952101] cloud-init[1036]: Your identification has been saved in /etc/ssh/ssh_host_dsa_key.
         Starting Hold until boot process finishes up...
         Starting Terminate Plymouth Boot Screen...
[[0;32m  OK  [0m] Started LSB: automatic crash report generation.
[[0;32m  OK  [0m] Started LSB: Set the CPU Frequency Scaling governor to "ondemand".
[[0;32m  OK  [0m] Started Hold until boot process finishes up.
[[0;32m  OK  [0m] Started Terminate Plymouth Boot Screen.
[   32.995921] cloud-init[1036]: Your public key has been saved in /etc/ssh/ssh_host_dsa_key.pub.
         Starting Set console scheme...
[[0;32m  OK  [0m] Started Getty on tty1.
[[0;32m  OK  [0m] Started Serial Getty on ttyS0.
[[0;32m  OK  [0m] Reached target Login Prompts.
[[0;32m  OK  [0m] Started LSB: VirtualBox Linux Additions.
[[0;32m  OK  [0m] Started LSB: daemon to balance interrupts for SMP systems.
[[0;32m  OK  [0m] Started Set console scheme.
[   33.511391] cloud-init[1036]: The key fingerprint is:
[   33.632761] cloud-init[1036]: SHA256:CPI0YqfytVTr6sfyGjXhv1zTkY9qXe3GZlOtnO6FRhg root@ubuntu-xenial
[   33.661347] cloud-init[1036]: The key's randomart image is:
[   33.663193] cloud-init[1036]: +---[DSA 1024]----+
[   33.668265] cloud-init[1036]: |                 |
[   33.669850] cloud-init[1036]: |                 |
[   33.670586] cloud-init[1036]: |  + = o     E    |
[   33.688579] cloud-init[1036]: | . B = +     +   |
[   33.704997] cloud-init[1036]: |. . + * S   + ...|
[   33.733465] cloud-init[1036]: | o o + o   . =..+|
[   33.735513] cloud-init[1036]: |  . o.. . o.oo+=o|
[   33.753674] cloud-init[1036]: |    .oo. o.o..+o*|
[   33.755424] cloud-init[1036]: |   .+=. o..  oo+.|
[[0;32m  OK  [0m] Stopped OpenBSD Secure Shell server.
[   33.797249] cloud-init[1036]: +----[SHA256]-----+
[   33.800089] cloud-init[1036]: Generating public/private ecdsa key pair.
[   33.802030] cloud-init[1036]: Your identification has been saved in /etc/ssh/ssh_host_ecdsa_key.
[   33.802969] cloud-init[1036]: Your public key has been saved in /etc/ssh/ssh_host_ecdsa_key.pub.
[   33.813142] cloud-init[1036]: The key fingerprint is:
         Starting OpenBSD Secure Shell server...
[[0;32m  OK  [0m] Started OpenBSD Secure Shell server.
[   33.818292] cloud-init[1036]: SHA256:RnO5ji2oX/PXJpfvcgYDmkut+U6BrzosZ/GhylcWSdw root@ubuntu-xenial
[   33.888598] cloud-init[1036]: The key's randomart image is:
[   33.889460] cloud-init[1036]: +---[ECDSA 256]---+
[   33.890332] cloud-init[1036]: |         . .     |
[   33.910509] cloud-init[1036]: |          o.E    |
[   33.912259] cloud-init[1036]: |        o.o.     |
[   33.944528] cloud-init[1036]: |       . ooo.    |
[   33.946227] cloud-init[1036]: |        S o=..   |
[   33.947922] cloud-init[1036]: |       o.+B...o  |
[   33.949649] cloud-init[1036]: |      ..=Bo=o. + |
[   33.971703] cloud-init[1036]: |     o..B+=oo * o|
[   33.996250] cloud-init[1036]: |    ..+*.oo+o+ *o|
[[0;32m  OK  [0m] Started Pollinate to seed the pseudo random number generator.
[[0;32m  OK  [0m] Reached target Multi-User System.
         Starting Notify bootloader that boot was successful...
[[0;32m  OK  [0m] Reached target Graphical Interface.
         Starting Update UTMP about System Runlevel Changes...
[[0;32m  OK  [0m] Started Notify bootloader that boot was successful.
[   34.042342] cloud-init[1036]: +----[SHA256]-----+
[   34.184422] cloud-init[1036]: Generating public/private ed25519 key pair.
[   34.195198] cloud-init[1036]: Your identification has been saved in /etc/ssh/ssh_host_ed25519_key.
[[0;32m  OK  [0m] Started Update UTMP about System Runlevel Changes.
[   34.199197] cloud-init[1036]: Your public key has been saved in /etc/ssh/ssh_host_ed25519_key.pub.
[   34.213257] cloud-init[1036]: The key fingerprint is:
[[0;32m  OK  [0m] Created slice User Slice of ubuntu.
[   34.222462] cloud-init[1036]: SHA256:fp5eoMoG1btWWwkLgPvgPkJu8/uNUKZccCM22zAQQVo root@ubuntu-xenial
[[0;32m  OK  [0m] Started Session 1 of user ubuntu.
         Starting User Manager for UID 1000...
[   34.233356] cloud-init[1036]: The key's randomart image is:
[[0;32m  OK  [0m] Started User Manager for UID 1000.
[   34.335960] cloud-init[1036]: +--[ED25519 256]--+
[   34.424251] cloud-init[1036]: | .Eo .           |
[   34.434541] cloud-init[1036]: | o .. .          |
[   34.436283] cloud-init[1036]: |.   B.oo         |
[   34.438001] cloud-init[1036]: |   .oX..o .      |
[   34.439732] cloud-init[1036]: |   ..+= So.o .   |
[   34.446874] cloud-init[1036]: |  ..o=....o.o    |
[   34.448660] cloud-init[1036]: | o .+.  oo.o.    |
[   34.452785] cloud-init[1036]: |  = oo.+oo.o     |
[   34.457628] cloud-init[1036]: | . +o==...+      |
[   34.468290] cloud-init[1036]: +----[SHA256]-----+
[   34.480754] cloud-init[1137]: Generating locales (this might take a while)...
[   34.482573] cloud-init[1137]:   en_US.UTF-8... done
[   34.483381] cloud-init[1137]: Generation complete.
[   34.784743] cloud-init[1137]: Cloud-init v. 0.7.8 running 'modules:config' at Mon, 14 Nov 2016 19:18:22 +0000. Up 32.19 seconds.
[[0;32m  OK  [0m] Started Apply the settings specified in cloud-config.
         Starting Execute cloud user/final scripts...
ci-info: no authorized ssh keys fingerprints found for user ubuntu.
<14>Nov 14 19:18:25 ec2: 
<14>Nov 14 19:18:25 ec2: #############################################################
<14>Nov 14 19:18:25 ec2: -----BEGIN SSH HOST KEY FINGERPRINTS-----
<14>Nov 14 19:18:25 ec2: 1024 SHA256:CPI0YqfytVTr6sfyGjXhv1zTkY9qXe3GZlOtnO6FRhg root@ubuntu-xenial (DSA)
<14>Nov 14 19:18:25 ec2: 256 SHA256:RnO5ji2oX/PXJpfvcgYDmkut+U6BrzosZ/GhylcWSdw root@ubuntu-xenial (ECDSA)
<14>Nov 14 19:18:25 ec2: 256 SHA256:fp5eoMoG1btWWwkLgPvgPkJu8/uNUKZccCM22zAQQVo root@ubuntu-xenial (ED25519)
<14>Nov 14 19:18:25 ec2: 2048 SHA256:nf2JC+ehh8zrwc3ShnQzdPcykKSee2ONdihaiB4Fsxw root@ubuntu-xenial (RSA)
<14>Nov 14 19:18:25 ec2: -----END SSH HOST KEY FINGERPRINTS-----
<14>Nov 14 19:18:25 ec2: #############################################################
-----BEGIN SSH HOST KEY KEYS-----
ecdsa-sha2-nistp256 AAAAE2VjZHNhLXNoYTItbmlzdHAyNTYAAAAIbmlzdHAyNTYAAABBBAxiPTv5Vm88+Jp3BDqlQPvv2tKbLQhQgHzPY/KaO2dxkaf2neZuX7q8zphYt3QUuarN6V4rGsLBaEoc/LIxW98= root@ubuntu-xenial
ssh-ed25519 AAAAC3NzaC1lZDI1NTE5AAAAIDWKLXa65+ZqY2UMxv2O8ixnV/2AsDk4m34B6qKtoLob root@ubuntu-xenial
ssh-rsa AAAAB3NzaC1yc2EAAAADAQABAAABAQDlDvwsYmPratZzxNARrLPbGU3ajResmYRv0kRSnHm2iRWp+xHasr13oyzJMOckRCEqNU1QSh604fpwhgnVQVt4jgWRez8ULu8CBqaJ+7Ij+vWsWWOnG7ojM263YLyNTprAUZR+Bqd8dgWkwIA2QDFkTQR3SOnqjKs7tL9qG3EA8g18ApRxTVHKiEv4piZxxBMUC77Ty/cQpixh5LPwmvM+93AbLrwWDIqDHz8SNS7EVaxHlRirWRNYGpbi3aRUELaRPxMvRCSmroBcYt8CPc7bAX5Zo2n8yHOlLbhWjnpBUenWKgFyGwcvPHc8n64GPHZVtgN5NzaXQZ1g2TDdu7ED root@ubuntu-xenial
-----END SSH HOST KEY KEYS-----
[   35.656613] cloud-init[1376]: Cloud-init v. 0.7.8 running 'modules:final' at Mon, 14 Nov 2016 19:18:25 +0000. Up 35.12 seconds.
[   35.700327] cloud-init[1376]: ci-info: no authorized ssh keys fingerprints found for user ubuntu.
[   35.756460] cloud-init[1376]: Cloud-init v. 0.7.8 finished at Mon, 14 Nov 2016 19:18:26 +0000. Datasource DataSourceNoCloud [seed=/dev/sdb][dsmode=net].  Up 35.64 seconds
[[0;32m  OK  [0m] Started Execute cloud user/final scripts.
[[0;32m  OK  [0m] Reached target Cloud-init target.

Ubuntu 16.04.1 LTS ubuntu-xenial ttyS0

ubuntu-xenial login: 